
> client@0.0.0 build
> vite build

vite v7.3.1 building client environment for production...
transforming...
✓ 1425 modules transformed.
rendering chunks...
computing gzip size...
dist/index.html                              0.54 kB │ gzip:   0.34 kB
dist/assets/HR-pPi8YpVd.png                130.49 kB
dist/assets/ai-ans-BE9A8MIz.png            132.80 kB
dist/assets/confi-cI7qio59.png             146.23 kB
dist/assets/resume-_tDmeJ-J.png            155.55 kB
dist/assets/pdf-DVXdYYlg.png               157.81 kB
dist/assets/tech-CWVFaq7N.png              161.38 kB
dist/assets/history-L20KeLYJ.png           172.28 kB
dist/assets/credit-1gsQUvNJ.png            257.52 kB
dist/assets/male-ai-XFH2LA02.mp4         1,151.62 kB
dist/assets/female-ai-B01REilp.mp4       1,341.16 kB
dist/assets/index-B-_KQLpN.css              40.11 kB │ gzip:   7.40 kB
dist/assets/purify.es-Bzr520pe.js           22.45 kB │ gzip:   8.63 kB
dist/assets/index.es-DkyZxPa1.js           158.58 kB │ gzip:  52.93 kB
dist/assets/html2canvas.esm-DXEQVQnt.js    201.04 kB │ gzip:  47.43 kB
dist/assets/index-D9V68Cum.js            1,327.58 kB │ gzip: 420.99 kB

(!) Some chunks are larger than 500 kB after minification. Consider:
- Using dynamic import() to code-split the application
- Use build.rollupOptions.output.manualChunks to improve chunking: https://rollupjs.org/configuration-options/#output-manualchunks
- Adjust chunk size limit for this warning via build.chunkSizeWarningLimit.
✓ built in 21.71s
